
> frontend@0.1.0 build
> next build

npm : ΓÜá Warning: Next.js 
inferred your workspace root, but 
it may not be correct.
At line:1 char:1
+ npm run build > build_output.txt 
2>&1
+ ~~~~~~~~~~~~~~~~~~~~~~~~~~~~~~~~~
~~~~
    + CategoryInfo          : No   
 tSpecified: (ΓÜá Warning: Ne    
...not be correct.:String) [    ], 
RemoteException
    + FullyQualifiedErrorId : Na   
 tiveCommandError
 
 We detected multiple lockfiles 
and selected the directory of 
D:\kifyaAi\AI GTM 
Engine\package-lock.json as the 
root directory.
 To silence this warning, set 
`turbopack.root` in your Next.js 
config, or consider removing one 
of the lockfiles if it's not 
needed.
   See https://nextjs.org/docs/app/
api-reference/config/next-config-js
/turbopack#root-directory for more 
information.
 Detected additional lockfiles: 
   * D:\kifyaAi\AI GTM 
Engine\frontend\package-lock.json

Γû▓ Next.js 16.1.6 (Turbopack)

  Creating an optimized production build ...
Γ£ô Compiled successfully in 1957.2ms
  Running TypeScript ...
Failed to compile.

./app/settings/page.tsx:165:49
Type error: Property 
'vapi_phone_id' does not exist on 
type '{ vapi_private_key_set: 
boolean; hunter_api_key_set: 
boolean; gemini_api_key_set: 
boolean; database_url_set: 
boolean; }'.

[0m [90m 163 |[39m              
                       
[33m<[39m[33mdiv[39m 
className[33m=[39m[32m"flex 
justify-between 
items-center"[39m[33m>[39m
 [90m 164 |[39m                  
                       
[33m<[39m[33mlabel[39m 
className[33m=[39m[32m"text-sm 
font-medium text-white/60 ml-1"[39
m[33m>[39m[33mVapi[39m 
[33mPhone[39m [33mNumber[39m [
33mID[39m[33m<[39m[33m/[39m[3
3mlabel[39m[33m>[39m
[31m[1m>[22m[39m[90m 165 
|[39m                             
            
{status[33m.[39mvapi_phone_id 
[33m&&[39m 
[33m<[39m[33mspan[39m 
className[33m=[39m[32m"text-xs 
text-emerald-400 font-bold 
bg-emerald-500/10 px-2 py-0.5 round
ed-md"[39m[33m>[39m[33mSaved[3
9m[33m<[39m[33m/[39m[33mspan[
39m[33m>[39m}
 [90m     |[39m                  
                               
[31m[1m^[22m[39m
 [90m 166 |[39m                  
                   [33m<[39m[33m
/[39m[33mdiv[39m[33m>[39m
 [90m 167 |[39m                  
                   
[33m<[39m[33minput[39m
 [90m 168 |[39m                  
                       
type[33m=[39m[32m"text"[39m[0m
Next.js build worker exited with 
code: 1 and signal: null
